// Jest Snapshot v1, https://goo.gl/fbAQLP

exports[`HomePage renders home page 1`] = `
<div>
  <div
    className="text-align--center"
  >
    <h4
      data-testid="login-welcome"
    >
      Welcome, please login to access your profile
    </h4>
    <button
      className="MuiButtonBase-root MuiButton-root MuiButton-text MuiButton-textPrimary"
      data-testid="login-button"
      disabled={false}
      onBlur={[Function]}
      onClick={[Function]}
      onDragLeave={[Function]}
      onFocus={[Function]}
      onKeyDown={[Function]}
      onKeyUp={[Function]}
      onMouseDown={[Function]}
      onMouseLeave={[Function]}
      onMouseUp={[Function]}
      onTouchEnd={[Function]}
      onTouchMove={[Function]}
      onTouchStart={[Function]}
      tabIndex={0}
      type="button"
    >
      <span
        className="MuiButton-label"
      >
        Login
      </span>
    </button>
  </div>
</div>
`;
