// Jest Snapshot v1, https://goo.gl/fbAQLP

exports[`Header renders without crashing 1`] = `
<div
  className="header"
>
  <div
    className="logo"
  >
    <span
      className="cursor--pointer"
      data-testid="logo-link"
      onClick={[Function]}
    >
      User App
    </span>
  </div>
  <div>
    <span
      className="cursor--pointer"
      data-testid="login-link"
      onClick={[Function]}
    >
      Login |
       
    </span>
    <span
      className="cursor--pointer"
      onClick={[Function]}
    >
      Profile
    </span>
  </div>
</div>
`;
